

================================================================
== Vivado HLS Report for 'densifyto64'
================================================================
* Date:           Wed May 15 22:09:38 2019

* Version:        2018.2 (Build 2258646 on Thu Jun 14 20:25:20 MDT 2018)
* Project:        dev_fused
* Solution:       solution4
* Product family: zynq
* Target device:  xc7z020clg484-1


================================================================
== Performance Estimates
================================================================
+ Timing (ns): 
    * Summary: 
    +--------+-------+----------+------------+
    |  Clock | Target| Estimated| Uncertainty|
    +--------+-------+----------+------------+
    |ap_clk  |  10.00|     8.478|        1.25|
    +--------+-------+----------+------------+

+ Latency (clock cycles): 
    * Summary: 
    +--------+--------+--------+--------+---------+
    |     Latency     |     Interval    | Pipeline|
    |   min  |   max  |   min  |   max  |   Type  |
    +--------+--------+--------+--------+---------+
    |  111048|  111048|  111048|  111048|   none  |
    +--------+--------+--------+--------+---------+

    + Detail: 
        * Instance: 
        N/A

        * Loop: 
        +-------------+--------+--------+----------+-----------+-----------+------+----------+
        |             |     Latency     | Iteration|  Initiation Interval  | Trip |          |
        |  Loop Name  |   min  |   max  |  Latency |  achieved |   target  | Count| Pipelined|
        +-------------+--------+--------+----------+-----------+-----------+------+----------+
        |- Loop 1     |     128|     128|         2|          -|          -|    64|    no    |
        |- Loop 2     |  110789|  110789|       323|          -|          -|   343|    no    |
        | + Loop 2.1  |     320|     320|         5|          -|          -|    64|    no    |
        |- Loop 3     |     128|     128|         2|          -|          -|    64|    no    |
        +-------------+--------+--------+----------+-----------+-----------+------+----------+



================================================================
== Utilization Estimates
================================================================
* Summary: 
+-----------------+---------+-------+--------+-------+
|       Name      | BRAM_18K| DSP48E|   FF   |  LUT  |
+-----------------+---------+-------+--------+-------+
|DSP              |        -|      1|       -|      -|
|Expression       |        -|      -|       0|    264|
|FIFO             |        -|      -|       -|      -|
|Instance         |        -|      -|       -|      -|
|Memory           |       18|      -|       7|      7|
|Multiplexer      |        -|      -|       -|    140|
|Register         |        -|      -|     166|      -|
+-----------------+---------+-------+--------+-------+
|Total            |       18|      1|     173|    411|
+-----------------+---------+-------+--------+-------+
|Available        |      280|    220|  106400|  53200|
+-----------------+---------+-------+--------+-------+
|Utilization (%)  |        6|   ~0  |   ~0   |   ~0  |
+-----------------+---------+-------+--------+-------+

+ Detail: 
    * Instance: 
    N/A

    * DSP48: 
    +--------------------------+----------------------+-----------+
    |         Instance         |        Module        | Expression|
    +--------------------------+----------------------+-----------+
    |dev_digits_classihbi_U10  |dev_digits_classihbi  |  i0 * i1  |
    +--------------------------+----------------------+-----------+

    * Memory: 
    +---------------------+----------------------+---------+---+----+-------+-----+------+-------------+
    |        Memory       |        Module        | BRAM_18K| FF| LUT| Words | Bits| Banks| W*Bits*Banks|
    +---------------------+----------------------+---------+---+----+-------+-----+------+-------------+
    |biases_dense64_V_U   |densifyto64_biasefYi  |        0|  7|   7|     64|    7|     1|          448|
    |weights_dense64_V_U  |densifyto64_weighg8j  |       18|  0|   0|  21952|    9|     1|       197568|
    +---------------------+----------------------+---------+---+----+-------+-----+------+-------------+
    |Total                |                      |       18|  7|   7|  22016|   16|     2|       198016|
    +---------------------+----------------------+---------+---+----+-------+-----+------+-------------+

    * FIFO: 
    N/A

    * Expression: 
    +--------------------------------+----------+-------+---+----+------------+------------+
    |          Variable Name         | Operation| DSP48E| FF| LUT| Bitwidth P0| Bitwidth P1|
    +--------------------------------+----------+-------+---+----+------------+------------+
    |i_4_fu_235_p2                   |     +    |      0|  0|  15|           9|           1|
    |i_5_fu_478_p2                   |     +    |      0|  0|  15|           7|           1|
    |j_3_fu_185_p2                   |     +    |      0|  0|  15|           7|           1|
    |j_4_fu_268_p2                   |     +    |      0|  0|  15|           7|           1|
    |p_Val2_23_fu_218_p2             |     +    |      0|  0|  15|           7|           7|
    |p_Val2_26_fu_311_p2             |     +    |      0|  0|  28|          21|          21|
    |p_Val2_28_fu_345_p2             |     +    |      0|  0|  12|          12|          12|
    |tmp_63_fu_279_p2                |     +    |      0|  0|  21|          15|          15|
    |brmerge40_demorgan_i_fu_413_p2  |    and   |      0|  0|   2|           1|           1|
    |carry_fu_364_p2                 |    and   |      0|  0|   2|           1|           1|
    |overflow_fu_407_p2              |    and   |      0|  0|   2|           1|           1|
    |p_38_i_i_fu_390_p2              |    and   |      0|  0|   2|           1|           1|
    |exitcond5_fu_179_p2             |   icmp   |      0|  0|  11|           7|           8|
    |exitcond6_fu_229_p2             |   icmp   |      0|  0|  13|           9|           9|
    |exitcond7_fu_262_p2             |   icmp   |      0|  0|  11|           7|           8|
    |exitcond_fu_472_p2              |   icmp   |      0|  0|  11|           7|           8|
    |tmp_61_fu_489_p2                |   icmp   |      0|  0|  13|          12|           1|
    |brmerge_i_i_fu_401_p2           |    or    |      0|  0|   2|           1|           1|
    |brmerge_i_i_i_fu_429_p2         |    or    |      0|  0|   2|           1|           1|
    |not_carry_fu_374_p2             |    or    |      0|  0|   2|           1|           1|
    |tmp1_demorgan_fu_418_p2         |    or    |      0|  0|   2|           1|           1|
    |tmp2_fu_435_p2                  |    or    |      0|  0|   2|           1|           1|
    |underflow_not_fu_441_p2         |    or    |      0|  0|   2|           1|           1|
    |p_Val2_33_mux_fu_447_p3         |  select  |      0|  0|  12|           1|          11|
    |p_Val2_s_39_fu_455_p3           |  select  |      0|  0|  13|           1|          13|
    |this_assign_1_fu_463_p3         |  select  |      0|  0|  12|           1|          12|
    |deleted_zeros_fu_380_p2         |    xor   |      0|  0|   2|           1|           1|
    |p_Result_16_not_fu_369_p2       |    xor   |      0|  0|   2|           1|           2|
    |p_not_i_i_fu_395_p2             |    xor   |      0|  0|   2|           1|           2|
    |tmp_67_fu_358_p2                |    xor   |      0|  0|   2|           1|           2|
    |tmp_68_fu_385_p2                |    xor   |      0|  0|   2|           1|           2|
    |underflow_fu_424_p2             |    xor   |      0|  0|   2|           1|           1|
    +--------------------------------+----------+-------+---+----+------------+------------+
    |Total                           |          |      0|  0| 264|         146|         149|
    +--------------------------------+----------+-------+---+----+------------+------------+

    * Multiplexer: 
    +----------------+----+-----------+-----+-----------+
    |      Name      | LUT| Input Size| Bits| Total Bits|
    +----------------+----+-----------+-----+-----------+
    |ap_NS_fsm       |  56|         13|    1|         13|
    |i2_reg_168      |   9|          2|    7|         14|
    |i_reg_145       |   9|          2|    9|         18|
    |j1_reg_157      |   9|          2|    7|         14|
    |j_reg_134       |   9|          2|    7|         14|
    |out_V_address0  |  27|          5|    6|         30|
    |out_V_d0        |  21|          4|   12|         48|
    +----------------+----+-----------+-----+-----------+
    |Total           | 140|         30|   49|        151|
    +----------------+----+-----------+-----+-----------+

    * Register: 
    +------------------------------+----+----+-----+-----------+
    |             Name             | FF | LUT| Bits| Const Bits|
    +------------------------------+----+----+-----+-----------+
    |OP1_V_reg_537                 |  21|   0|   21|          0|
    |ap_CS_fsm                     |  12|   0|   12|          0|
    |i2_reg_168                    |   7|   0|    7|          0|
    |i_4_reg_522                   |   9|   0|    9|          0|
    |i_5_reg_598                   |   7|   0|    7|          0|
    |i_reg_145                     |   9|   0|    9|          0|
    |j1_reg_157                    |   7|   0|    7|          0|
    |j_3_reg_504                   |   7|   0|    7|          0|
    |j_4_reg_545                   |   7|   0|    7|          0|
    |j_reg_134                     |   7|   0|    7|          0|
    |out_V_addr_1_reg_603          |   6|   0|    6|          0|
    |out_V_addr_2_reg_555          |   6|   0|    6|          0|
    |p_Val2_25_reg_565             |  21|   0|   21|          0|
    |p_Val2_27_reg_584             |  12|   0|   12|          0|
    |signbit_reg_575               |   1|   0|    1|          0|
    |tmp_59_reg_532                |   9|   0|   15|          6|
    |tmp_88_reg_570                |   1|   0|    1|          0|
    |tmp_89_reg_589                |   1|   0|    1|          0|
    |tmp_reg_509                   |   7|   0|   64|         57|
    |weights_dense64_V_lo_reg_560  |   9|   0|    9|          0|
    +------------------------------+----+----+-----+-----------+
    |Total                         | 166|   0|  229|         63|
    +------------------------------+----+----+-----+-----------+



================================================================
== Interface
================================================================
* Summary: 
+----------------+-----+-----+------------+--------------+--------------+
|    RTL Ports   | Dir | Bits|  Protocol  | Source Object|    C Type    |
+----------------+-----+-----+------------+--------------+--------------+
|ap_clk          |  in |    1| ap_ctrl_hs |  densifyto64 | return value |
|ap_rst          |  in |    1| ap_ctrl_hs |  densifyto64 | return value |
|ap_start        |  in |    1| ap_ctrl_hs |  densifyto64 | return value |
|ap_done         | out |    1| ap_ctrl_hs |  densifyto64 | return value |
|ap_idle         | out |    1| ap_ctrl_hs |  densifyto64 | return value |
|ap_ready        | out |    1| ap_ctrl_hs |  densifyto64 | return value |
|in_V_address0   | out |    9|  ap_memory |     in_V     |     array    |
|in_V_ce0        | out |    1|  ap_memory |     in_V     |     array    |
|in_V_q0         |  in |   12|  ap_memory |     in_V     |     array    |
|out_V_address0  | out |    6|  ap_memory |     out_V    |     array    |
|out_V_ce0       | out |    1|  ap_memory |     out_V    |     array    |
|out_V_we0       | out |    1|  ap_memory |     out_V    |     array    |
|out_V_d0        | out |   12|  ap_memory |     out_V    |     array    |
|out_V_q0        |  in |   12|  ap_memory |     out_V    |     array    |
+----------------+-----+-----+------------+--------------+--------------+

